// Jest Snapshot v1, https://goo.gl/fbAQLP

exports[`Snapshot to match snapshot 1`] = `
<View
  style={
    {
      "flex": 1,
      "justifyContent": "center",
    }
  }
  testID="zero-results"
>
  <Image
    source={
      {
        "testUri": "../../../src/Assets/logo.png",
      }
    }
    style={
      {
        "alignSelf": "center",
        "height": 60,
        "resizeMode": "center",
        "width": 60,
      }
    }
  />
  <Text
    style={
      {
        "alignSelf": "center",
        "color": "#f2f2f2",
        "fontSize": 18,
        "textAlign": "center",
      }
    }
  >
    No results
  </Text>
</View>
`;
